============================= test session starts =============================
platform win32 -- Python 3.14.0, pytest-9.0.2, pluggy-1.6.0
rootdir: E:\Project\plot-ai\backend
plugins: anyio-4.12.1, asyncio-1.3.0, mock-3.15.1
asyncio: mode=Mode.STRICT, debug=False, asyncio_default_fixture_loop_scope=None, asyncio_default_test_loop_scope=function
collected 73 items / 11 errors

=================================== ERRORS ====================================
________________________ ERROR collecting test_out.txt ________________________
C:\Python314\Lib\pathlib\__init__.py:793: in read_text
    return f.read()
           ^^^^^^^^
<frozen codecs>:325: in decode
    ???
E   UnicodeDecodeError: 'utf-8' codec can't decode byte 0xff in position 0: invalid start byte
_______________________ ERROR collecting test_out2.txt ________________________
C:\Python314\Lib\pathlib\__init__.py:793: in read_text
    return f.read()
           ^^^^^^^^
<frozen codecs>:325: in decode
    ???
E   UnicodeDecodeError: 'utf-8' codec can't decode byte 0xff in position 0: invalid start byte
____________________ ERROR collecting test_solver_rules.py ____________________
ImportError while importing test module 'E:\Project\plot-ai\backend\test_solver_rules.py'.
Hint: make sure your test modules/packages have valid Python names.
Traceback:
C:\Python314\Lib\importlib\__init__.py:88: in import_module
    return _bootstrap._gcd_import(name[level:], package, level)
           ^^^^^^^^^^^^^^^^^^^^^^^^^^^^^^^^^^^^^^^^^^^^^^^^^^^^
test_solver_rules.py:10: in <module>
    from services.constraint_solver import solve_layout
services\constraint_solver.py:22: in <module>
    from ortools.sat.python import cp_model
E   ModuleNotFoundError: No module named 'ortools'
_____________________ ERROR collecting tests/test_core.py _____________________
ImportError while importing test module 'E:\Project\plot-ai\backend\tests\test_core.py'.
Hint: make sure your test modules/packages have valid Python names.
Traceback:
C:\Python314\Lib\importlib\__init__.py:88: in import_module
    return _bootstrap._gcd_import(name[level:], package, level)
           ^^^^^^^^^^^^^^^^^^^^^^^^^^^^^^^^^^^^^^^^^^^^^^^^^^^^
tests\test_core.py:6: in <module>
    from services.strip_layout_engine import generate_strip_layout, VERTICAL_CORE
E   ModuleNotFoundError: No module named 'services.strip_layout_engine'
________________ ERROR collecting tests/test_full_pipeline.py _________________
ImportError while importing test module 'E:\Project\plot-ai\backend\tests\test_full_pipeline.py'.
Hint: make sure your test modules/packages have valid Python names.
Traceback:
C:\Python314\Lib\importlib\__init__.py:88: in import_module
    return _bootstrap._gcd_import(name[level:], package, level)
           ^^^^^^^^^^^^^^^^^^^^^^^^^^^^^^^^^^^^^^^^^^^^^^^^^^^^
tests\test_full_pipeline.py:10: in <module>
    from services.layout_engine import generate_layout
E   ModuleNotFoundError: No module named 'services.layout_engine'
________________ ERROR collecting tests/test_grid_snapping.py _________________
ImportError while importing test module 'E:\Project\plot-ai\backend\tests\test_grid_snapping.py'.
Hint: make sure your test modules/packages have valid Python names.
Traceback:
C:\Python314\Lib\importlib\__init__.py:88: in import_module
    return _bootstrap._gcd_import(name[level:], package, level)
           ^^^^^^^^^^^^^^^^^^^^^^^^^^^^^^^^^^^^^^^^^^^^^^^^^^^^
tests\test_grid_snapping.py:7: in <module>
    from services.layout_engine import generate_layout, snap_to_grid, snap_room_to_grid
E   ModuleNotFoundError: No module named 'services.layout_engine'
____________________ ERROR collecting tests/test_hybrid.py ____________________
ImportError while importing test module 'E:\Project\plot-ai\backend\tests\test_hybrid.py'.
Hint: make sure your test modules/packages have valid Python names.
Traceback:
C:\Python314\Lib\importlib\__init__.py:88: in import_module
    return _bootstrap._gcd_import(name[level:], package, level)
           ^^^^^^^^^^^^^^^^^^^^^^^^^^^^^^^^^^^^^^^^^^^^^^^^^^^^
tests\test_hybrid.py:7: in <module>
    from services.llm_spatial_reasoner import get_spatial_plan
E   ModuleNotFoundError: No module named 'services.llm_spatial_reasoner'
________________ ERROR collecting tests/test_layout_engine.py _________________
ImportError while importing test module 'E:\Project\plot-ai\backend\tests\test_layout_engine.py'.
Hint: make sure your test modules/packages have valid Python names.
Traceback:
C:\Python314\Lib\importlib\__init__.py:88: in import_module
    return _bootstrap._gcd_import(name[level:], package, level)
           ^^^^^^^^^^^^^^^^^^^^^^^^^^^^^^^^^^^^^^^^^^^^^^^^^^^^
tests\test_layout_engine.py:9: in <module>
    from services.layout_engine import generate_layout, has_overlap, place_rooms_on_grid, LayoutEngine, calculate_room_sizes
E   ModuleNotFoundError: No module named 'services.layout_engine'
_____________ ERROR collecting tests/test_professional_visual.py ______________
ImportError while importing test module 'E:\Project\plot-ai\backend\tests\test_professional_visual.py'.
Hint: make sure your test modules/packages have valid Python names.
Traceback:
C:\Python314\Lib\importlib\__init__.py:88: in import_module
    return _bootstrap._gcd_import(name[level:], package, level)
           ^^^^^^^^^^^^^^^^^^^^^^^^^^^^^^^^^^^^^^^^^^^^^^^^^^^^
tests\test_professional_visual.py:11: in <module>
    from services.llm_spatial_reasoner import get_spatial_plan
E   ModuleNotFoundError: No module named 'services.llm_spatial_reasoner'
____________________ ERROR collecting tests/test_solver.py ____________________
ImportError while importing test module 'E:\Project\plot-ai\backend\tests\test_solver.py'.
Hint: make sure your test modules/packages have valid Python names.
Traceback:
C:\Python314\Lib\importlib\__init__.py:88: in import_module
    return _bootstrap._gcd_import(name[level:], package, level)
           ^^^^^^^^^^^^^^^^^^^^^^^^^^^^^^^^^^^^^^^^^^^^^^^^^^^^
tests\test_solver.py:5: in <module>
    from services.constraint_solver import solve_layout
services\constraint_solver.py:22: in <module>
    from ortools.sat.python import cp_model
E   ModuleNotFoundError: No module named 'ortools'
___________________ ERROR collecting tests/test_vertical.py ___________________
ImportError while importing test module 'E:\Project\plot-ai\backend\tests\test_vertical.py'.
Hint: make sure your test modules/packages have valid Python names.
Traceback:
C:\Python314\Lib\importlib\__init__.py:88: in import_module
    return _bootstrap._gcd_import(name[level:], package, level)
           ^^^^^^^^^^^^^^^^^^^^^^^^^^^^^^^^^^^^^^^^^^^^^^^^^^^^
tests\test_vertical.py:7: in <module>
    from services.llm_spatial_reasoner import get_spatial_plan
E   ModuleNotFoundError: No module named 'services.llm_spatial_reasoner'
=========================== short test summary info ===========================
ERROR test_out.txt - UnicodeDecodeError: 'utf-8' codec can't decode byte 0xff...
ERROR test_out2.txt - UnicodeDecodeError: 'utf-8' codec can't decode byte 0xf...
ERROR test_solver_rules.py
ERROR tests/test_core.py
ERROR tests/test_full_pipeline.py
ERROR tests/test_grid_snapping.py
ERROR tests/test_hybrid.py
ERROR tests/test_layout_engine.py
ERROR tests/test_professional_visual.py
ERROR tests/test_solver.py
ERROR tests/test_vertical.py
!!!!!!!!!!!!!!!!!! Interrupted: 11 errors during collection !!!!!!!!!!!!!!!!!!!
============================= 11 errors in 8.47s ==============================
